// Jest Snapshot v1, https://goo.gl/fbAQLP

exports[`Loader snapshot 1`] = `
.emotion-0 {
  display: -webkit-box;
  display: -webkit-flex;
  display: -ms-flexbox;
  display: flex;
  -webkit-flex-direction: row;
  -ms-flex-direction: row;
  flex-direction: row;
  -webkit-box-pack: justify;
  -webkit-justify-content: space-between;
  -ms-flex-pack: justify;
  justify-content: space-between;
  -webkit-align-content: initial;
  -ms-flex-line-pack: initial;
  align-content: initial;
  width: 70px;
}

.emotion-0 > div {
  width: 18px;
  height: 18px;
  border-radius: 100%;
  display: inline-block;
  -webkit-animation: animation-zl77bl 1.4s infinite ease-in-out both;
  animation: animation-zl77bl 1.4s infinite ease-in-out both;
}

.emotion-0 > div:first-of-type {
  -webkit-animation-delay: -0.32s;
  animation-delay: -0.32s;
}

.emotion-0 > div:nth-of-type(2n) {
  -webkit-animation-delay: -0.16s;
  animation-delay: -0.16s;
}

<div
  className="emotion-0"
  style={
    Object {
      "transform": "scale(1)",
    }
  }
>
  <div
    style={
      Object {
        "backgroundColor": "#101721",
      }
    }
  />
  <div
    style={
      Object {
        "backgroundColor": "#101721",
      }
    }
  />
  <div
    style={
      Object {
        "backgroundColor": "#101721",
      }
    }
  />
</div>
`;
