// Jest Snapshot v1, https://goo.gl/fbAQLP

exports[`Message snapshot 1`] = `
.emotion-0 {
  border-radius: 3px;
  font-weight: 400;
  color: #ffffff;
  font-size: 14px;
  height: 46px;
  display: -webkit-box;
  display: -webkit-flex;
  display: -ms-flexbox;
  display: flex;
  -webkit-align-items: center;
  -webkit-box-align: center;
  -ms-flex-align: center;
  align-items: center;
  padding: 20px;
}

.emotion-0 > i {
  margin-right: 10px;
}

<div
  className="emotion-0"
  style={
    Object {
      "backgroundColor": "#10AC60",
    }
  }
>
  <i
    className="pi pi-radio-check-filled"
  />
  Hello there
</div>
`;
