// Jest Snapshot v1, https://goo.gl/fbAQLP

exports[`Component: Select default snapshot 1`] = `
.emotion-13 {
  display: -webkit-box;
  display: -webkit-flex;
  display: -ms-flexbox;
  display: flex;
}

.emotion-0 {
  color: #9FA6B0;
  font-size: 14px;
  line-height: 12px;
  position: absolute;
  -webkit-transition: all 0.3s cubic-bezier(.64,.09,.08,1);
  transition: all 0.3s cubic-bezier(.64,.09,.08,1);
  -webkit-transform: translate(0,24px);
  -ms-transform: translate(0,24px);
  transform: translate(0,24px);
  pointer-events: none;
  z-index: 1;
}

.emotion-0._pebble_input_label_focused {
  font-size: 12px;
  line-height: 10px;
  -webkit-transform: translate(0,0);
  -ms-transform: translate(0,0);
  transform: translate(0,0);
  color: #6B7785;
}

.emotion-8 {
  margin-bottom: 20px;
  width: 80px;
  margin-bottom: 0;
}

.emotion-7 {
  position: relative;
}

.emotion-6 {
  cursor: pointer;
  position: relative;
}

.emotion-4 {
  position: relative;
  display: -webkit-box;
  display: -webkit-flex;
  display: -ms-flexbox;
  display: flex;
  background-color: #ffffff;
  width: 100%;
  -webkit-flex-direction: column;
  -ms-flex-direction: column;
  flex-direction: column;
  margin-bottom: 20px;
  height: 68px;
  pointer-events: none;
  margin-bottom: 0;
}

.emotion-4._pebble_input_wrapper_textarea {
  height: 110px;
}

.emotion-1 {
  outline: 0;
  border: 0;
  border-bottom: 1px solid #EDEDED;
  padding: 24px 0 12px 0;
  height: 48px;
  border-radius: 0;
  font-weight: 400;
  color: #101721;
  font-size: 14px;
  width: 100%;
  overflow-x: hidden;
  text-overflow: ellipsis;
  white-space: nowrap;
  color: #6B7785;
  color: #101721;
  padding-right: 15px;
}

.emotion-1:disabled {
  background-color: #ffffff;
}

.emotion-1::-webkit-input-placeholder {
  color: #E0E0E0;
}

.emotion-1::-moz-placeholder {
  color: #E0E0E0;
}

.emotion-1:-ms-input-placeholder {
  color: #E0E0E0;
}

.emotion-1:-moz-placeholder {
  color: #E0E0E0;
}

.emotion-1::-webkit-input-placeholder {
  color: #E0E0E0;
}

.emotion-1::-moz-placeholder {
  color: #E0E0E0;
}

.emotion-1:-ms-input-placeholder {
  color: #E0E0E0;
}

.emotion-1::placeholder {
  color: #E0E0E0;
}

.emotion-2 {
  color: #9FA6B0;
  font-size: 14px;
  line-height: 12px;
  position: absolute;
  -webkit-transition: all 0.3s cubic-bezier(.64,.09,.08,1);
  transition: all 0.3s cubic-bezier(.64,.09,.08,1);
  -webkit-transform: translate(0,24px);
  -ms-transform: translate(0,24px);
  transform: translate(0,24px);
  pointer-events: none;
}

.emotion-2._pebble_input_label_focused {
  font-size: 12px;
  line-height: 10px;
  -webkit-transform: translate(0,0);
  -ms-transform: translate(0,0);
  transform: translate(0,0);
  color: #6B7785;
}

.emotion-3 {
  height: 2px;
  background-color: #6161FF;
  margin-top: -2px;
  position: relative;
  width: 0;
  -webkit-transition: all 0.3s cubic-bezier(.64,.09,.08,1);
  transition: all 0.3s cubic-bezier(.64,.09,.08,1);
  z-index: 9;
}

.emotion-3._pebble_input_highlight_state,
.emotion-3._pebble_input_highlight_focused {
  width: 100%;
}

.emotion-5 {
  position: absolute;
  top: 0;
  bottom: 0;
  margin: auto;
  height: 10px;
  right: 7px;
  color: #9FA6B0;
  font-size: 10px;
}

.emotion-5.__pebble__select__open {
  -webkit-transform: rotate(180deg);
  -ms-transform: rotate(180deg);
  transform: rotate(180deg);
}

.emotion-12 {
  position: relative;
  display: -webkit-box;
  display: -webkit-flex;
  display: -ms-flexbox;
  display: flex;
  background-color: #ffffff;
  width: 100%;
  -webkit-flex-direction: column;
  -ms-flex-direction: column;
  flex-direction: column;
  margin-bottom: 20px;
  height: 68px;
}

.emotion-12._pebble_input_wrapper_textarea {
  height: 110px;
}

.emotion-9 {
  outline: 0;
  border: 0;
  border-bottom: 1px solid #EDEDED;
  padding: 24px 0 12px 0;
  height: 48px;
  border-radius: 0;
  font-weight: 400;
  color: #101721;
  font-size: 14px;
  width: 100%;
  overflow-x: hidden;
  text-overflow: ellipsis;
  white-space: nowrap;
}

.emotion-9:disabled {
  background-color: #ffffff;
}

.emotion-9::-webkit-input-placeholder {
  color: #E0E0E0;
}

.emotion-9::-moz-placeholder {
  color: #E0E0E0;
}

.emotion-9:-ms-input-placeholder {
  color: #E0E0E0;
}

.emotion-9:-moz-placeholder {
  color: #E0E0E0;
}

.emotion-9::-webkit-input-placeholder {
  color: #E0E0E0;
}

.emotion-9::-moz-placeholder {
  color: #E0E0E0;
}

.emotion-9:-ms-input-placeholder {
  color: #E0E0E0;
}

.emotion-9::placeholder {
  color: #E0E0E0;
}

<div
  className="emotion-13"
>
  <label
    className="_pebble_input_label_focused emotion-0"
  >
    Phone No.
  </label>
  <div
    className="emotion-8"
  >
    <div
      className="emotion-7"
    >
      <div
        style={
          Object {
            "display": "inline-block",
            "width": "100%",
          }
        }
      >
        <div
          className="emotion-6"
          onClick={[Function]}
        >
          <div
            className=" emotion-4"
            onBlur={[Function]}
            onFocus={[Function]}
          >
            <input
              className="emotion-1"
              id="phone-select-input-test"
              onChange={[Function]}
              readOnly={true}
              value="+1"
            />
            <label
              className="_pebble_input_label_focused emotion-2"
            >
              
            </label>
            <div
              className="_pebble_input_highlight_read_only emotion-3"
              style={
                Object {
                  "backgroundColor": "#6161FF",
                }
              }
            />
            
          </div>
          <i
            className="pi pi-arrow-drop-down emotion-5"
          />
        </div>
      </div>
    </div>
  </div>
  <div
    className=" emotion-12"
    onBlur={[Function]}
    onFocus={[Function]}
  >
    <input
      className="emotion-9"
      id="phone-test-input-test"
      onChange={[Function]}
      readOnly={false}
      value=""
    />
    <label
      className=" emotion-2"
    >
      
    </label>
    <div
      className=" emotion-3"
      style={
        Object {
          "backgroundColor": "#6161FF",
        }
      }
    />
  </div>
</div>
`;
