// Jest Snapshot v1, https://goo.gl/fbAQLP

exports[`Component: Select multi-select: snapshot 1`] = `
.emotion-7 {
  margin-bottom: 20px;
}

.emotion-6 {
  position: relative;
}

.emotion-5 {
  cursor: pointer;
  position: relative;
}

.emotion-3 {
  position: relative;
  display: -webkit-box;
  display: -webkit-flex;
  display: -ms-flexbox;
  display: flex;
  background-color: #ffffff;
  width: 100%;
  -webkit-flex-direction: column;
  -ms-flex-direction: column;
  flex-direction: column;
  margin-bottom: 20px;
  height: 68px;
  pointer-events: none;
  margin-bottom: 0;
}

.emotion-3._pebble_input_wrapper_textarea {
  height: 110px;
}

.emotion-0 {
  outline: 0;
  border: 0;
  border-bottom: 1px solid #EDEDED;
  padding: 24px 0 12px 0;
  height: 48px;
  border-radius: 0;
  font-weight: 400;
  color: #101721;
  font-size: 14px;
  width: 100%;
  overflow-x: hidden;
  text-overflow: ellipsis;
  white-space: nowrap;
  color: #6B7785;
  color: #101721;
  padding-right: 15px;
}

.emotion-0:disabled {
  background-color: #ffffff;
}

.emotion-0::-webkit-input-placeholder {
  color: #E0E0E0;
}

.emotion-0::-moz-placeholder {
  color: #E0E0E0;
}

.emotion-0:-ms-input-placeholder {
  color: #E0E0E0;
}

.emotion-0:-moz-placeholder {
  color: #E0E0E0;
}

.emotion-0::-webkit-input-placeholder {
  color: #E0E0E0;
}

.emotion-0::-moz-placeholder {
  color: #E0E0E0;
}

.emotion-0:-ms-input-placeholder {
  color: #E0E0E0;
}

.emotion-0::placeholder {
  color: #E0E0E0;
}

.emotion-1 {
  color: #9FA6B0;
  font-size: 14px;
  line-height: 12px;
  position: absolute;
  -webkit-transition: all 0.3s cubic-bezier(.64,.09,.08,1);
  transition: all 0.3s cubic-bezier(.64,.09,.08,1);
  -webkit-transform: translate(0,24px);
  -ms-transform: translate(0,24px);
  transform: translate(0,24px);
  pointer-events: none;
}

.emotion-1._pebble_input_label_focused {
  font-size: 12px;
  line-height: 10px;
  -webkit-transform: translate(0,0);
  -ms-transform: translate(0,0);
  transform: translate(0,0);
  color: #6B7785;
}

.emotion-2 {
  height: 2px;
  background-color: #6161FF;
  margin-top: -2px;
  position: relative;
  width: 0;
  -webkit-transition: all 0.3s cubic-bezier(.64,.09,.08,1);
  transition: all 0.3s cubic-bezier(.64,.09,.08,1);
  z-index: 9;
}

.emotion-2._pebble_input_highlight_state,
.emotion-2._pebble_input_highlight_focused {
  width: 100%;
}

.emotion-4 {
  position: absolute;
  top: 0;
  bottom: 0;
  margin: auto;
  height: 10px;
  right: 7px;
  color: #9FA6B0;
  font-size: 10px;
}

.emotion-4.__pebble__select__open {
  -webkit-transform: rotate(180deg);
  -ms-transform: rotate(180deg);
  transform: rotate(180deg);
}

<div
  className="emotion-7"
>
  <div
    className="emotion-6"
  >
    <div
      style={
        Object {
          "display": "inline-block",
          "width": "100%",
        }
      }
    >
      <div
        className="emotion-5"
        onClick={[Function]}
      >
        <div
          className=" emotion-3"
          onBlur={[Function]}
          onFocus={[Function]}
        >
          <input
            aria-label="Choose Option"
            className="emotion-0"
            onChange={[Function]}
            readOnly={true}
            value=""
          />
          <label
            className=" emotion-1"
          >
            Choose Option
          </label>
          <div
            className="_pebble_input_highlight_read_only emotion-2"
            style={
              Object {
                "backgroundColor": "#6161FF",
              }
            }
          />
          
        </div>
        <i
          className="pi pi-arrow-drop-down emotion-4"
        />
      </div>
    </div>
  </div>
</div>
`;

exports[`Component: Select single-select with searchbox: snapshot 1`] = `
.emotion-7 {
  margin-bottom: 20px;
}

.emotion-6 {
  position: relative;
}

.emotion-5 {
  cursor: pointer;
  position: relative;
}

.emotion-3 {
  position: relative;
  display: -webkit-box;
  display: -webkit-flex;
  display: -ms-flexbox;
  display: flex;
  background-color: #ffffff;
  width: 100%;
  -webkit-flex-direction: column;
  -ms-flex-direction: column;
  flex-direction: column;
  margin-bottom: 20px;
  height: 68px;
  pointer-events: none;
  margin-bottom: 0;
}

.emotion-3._pebble_input_wrapper_textarea {
  height: 110px;
}

.emotion-0 {
  outline: 0;
  border: 0;
  border-bottom: 1px solid #EDEDED;
  padding: 24px 0 12px 0;
  height: 48px;
  border-radius: 0;
  font-weight: 400;
  color: #101721;
  font-size: 14px;
  width: 100%;
  overflow-x: hidden;
  text-overflow: ellipsis;
  white-space: nowrap;
  color: #6B7785;
  color: #101721;
  padding-right: 15px;
}

.emotion-0:disabled {
  background-color: #ffffff;
}

.emotion-0::-webkit-input-placeholder {
  color: #E0E0E0;
}

.emotion-0::-moz-placeholder {
  color: #E0E0E0;
}

.emotion-0:-ms-input-placeholder {
  color: #E0E0E0;
}

.emotion-0:-moz-placeholder {
  color: #E0E0E0;
}

.emotion-0::-webkit-input-placeholder {
  color: #E0E0E0;
}

.emotion-0::-moz-placeholder {
  color: #E0E0E0;
}

.emotion-0:-ms-input-placeholder {
  color: #E0E0E0;
}

.emotion-0::placeholder {
  color: #E0E0E0;
}

.emotion-1 {
  color: #9FA6B0;
  font-size: 14px;
  line-height: 12px;
  position: absolute;
  -webkit-transition: all 0.3s cubic-bezier(.64,.09,.08,1);
  transition: all 0.3s cubic-bezier(.64,.09,.08,1);
  -webkit-transform: translate(0,24px);
  -ms-transform: translate(0,24px);
  transform: translate(0,24px);
  pointer-events: none;
}

.emotion-1._pebble_input_label_focused {
  font-size: 12px;
  line-height: 10px;
  -webkit-transform: translate(0,0);
  -ms-transform: translate(0,0);
  transform: translate(0,0);
  color: #6B7785;
}

.emotion-2 {
  height: 2px;
  background-color: #6161FF;
  margin-top: -2px;
  position: relative;
  width: 0;
  -webkit-transition: all 0.3s cubic-bezier(.64,.09,.08,1);
  transition: all 0.3s cubic-bezier(.64,.09,.08,1);
  z-index: 9;
}

.emotion-2._pebble_input_highlight_state,
.emotion-2._pebble_input_highlight_focused {
  width: 100%;
}

.emotion-4 {
  position: absolute;
  top: 0;
  bottom: 0;
  margin: auto;
  height: 10px;
  right: 7px;
  color: #9FA6B0;
  font-size: 10px;
}

.emotion-4.__pebble__select__open {
  -webkit-transform: rotate(180deg);
  -ms-transform: rotate(180deg);
  transform: rotate(180deg);
}

<div
  className="emotion-7"
>
  <div
    className="emotion-6"
  >
    <div
      style={
        Object {
          "display": "inline-block",
          "width": "100%",
        }
      }
    >
      <div
        className="emotion-5"
        onClick={[Function]}
      >
        <div
          className=" emotion-3"
          onBlur={[Function]}
          onFocus={[Function]}
        >
          <input
            aria-label="Choose Option"
            className="emotion-0"
            onChange={[Function]}
            readOnly={true}
            value=""
          />
          <label
            className=" emotion-1"
          >
            Choose Option
          </label>
          <div
            className="_pebble_input_highlight_read_only emotion-2"
            style={
              Object {
                "backgroundColor": "#6161FF",
              }
            }
          />
          
        </div>
        <i
          className="pi pi-arrow-drop-down emotion-4"
        />
      </div>
    </div>
  </div>
</div>
`;

exports[`Component: Select single-select: snapshot 1`] = `
.emotion-7 {
  margin-bottom: 20px;
}

.emotion-6 {
  position: relative;
}

.emotion-5 {
  cursor: pointer;
  position: relative;
}

.emotion-3 {
  position: relative;
  display: -webkit-box;
  display: -webkit-flex;
  display: -ms-flexbox;
  display: flex;
  background-color: #ffffff;
  width: 100%;
  -webkit-flex-direction: column;
  -ms-flex-direction: column;
  flex-direction: column;
  margin-bottom: 20px;
  height: 68px;
  pointer-events: none;
  margin-bottom: 0;
}

.emotion-3._pebble_input_wrapper_textarea {
  height: 110px;
}

.emotion-0 {
  outline: 0;
  border: 0;
  border-bottom: 1px solid #EDEDED;
  padding: 24px 0 12px 0;
  height: 48px;
  border-radius: 0;
  font-weight: 400;
  color: #101721;
  font-size: 14px;
  width: 100%;
  overflow-x: hidden;
  text-overflow: ellipsis;
  white-space: nowrap;
  color: #6B7785;
  color: #101721;
  padding-right: 15px;
}

.emotion-0:disabled {
  background-color: #ffffff;
}

.emotion-0::-webkit-input-placeholder {
  color: #E0E0E0;
}

.emotion-0::-moz-placeholder {
  color: #E0E0E0;
}

.emotion-0:-ms-input-placeholder {
  color: #E0E0E0;
}

.emotion-0:-moz-placeholder {
  color: #E0E0E0;
}

.emotion-0::-webkit-input-placeholder {
  color: #E0E0E0;
}

.emotion-0::-moz-placeholder {
  color: #E0E0E0;
}

.emotion-0:-ms-input-placeholder {
  color: #E0E0E0;
}

.emotion-0::placeholder {
  color: #E0E0E0;
}

.emotion-1 {
  color: #9FA6B0;
  font-size: 14px;
  line-height: 12px;
  position: absolute;
  -webkit-transition: all 0.3s cubic-bezier(.64,.09,.08,1);
  transition: all 0.3s cubic-bezier(.64,.09,.08,1);
  -webkit-transform: translate(0,24px);
  -ms-transform: translate(0,24px);
  transform: translate(0,24px);
  pointer-events: none;
}

.emotion-1._pebble_input_label_focused {
  font-size: 12px;
  line-height: 10px;
  -webkit-transform: translate(0,0);
  -ms-transform: translate(0,0);
  transform: translate(0,0);
  color: #6B7785;
}

.emotion-2 {
  height: 2px;
  background-color: #6161FF;
  margin-top: -2px;
  position: relative;
  width: 0;
  -webkit-transition: all 0.3s cubic-bezier(.64,.09,.08,1);
  transition: all 0.3s cubic-bezier(.64,.09,.08,1);
  z-index: 9;
}

.emotion-2._pebble_input_highlight_state,
.emotion-2._pebble_input_highlight_focused {
  width: 100%;
}

.emotion-4 {
  position: absolute;
  top: 0;
  bottom: 0;
  margin: auto;
  height: 10px;
  right: 7px;
  color: #9FA6B0;
  font-size: 10px;
}

.emotion-4.__pebble__select__open {
  -webkit-transform: rotate(180deg);
  -ms-transform: rotate(180deg);
  transform: rotate(180deg);
}

<div
  className="emotion-7"
>
  <div
    className="emotion-6"
  >
    <div
      style={
        Object {
          "display": "inline-block",
          "width": "100%",
        }
      }
    >
      <div
        className="emotion-5"
        onClick={[Function]}
      >
        <div
          className=" emotion-3"
          onBlur={[Function]}
          onFocus={[Function]}
        >
          <input
            aria-label="Choose Option"
            className="emotion-0"
            onChange={[Function]}
            readOnly={true}
            value=""
          />
          <label
            className=" emotion-1"
          >
            Choose Option
          </label>
          <div
            className="_pebble_input_highlight_read_only emotion-2"
            style={
              Object {
                "backgroundColor": "#6161FF",
              }
            }
          />
          
        </div>
        <i
          className="pi pi-arrow-drop-down emotion-4"
        />
      </div>
    </div>
  </div>
</div>
`;
