// Jest Snapshot v1, https://goo.gl/fbAQLP

exports[`Component: Tag snapshot 1`] = `
<div
  className="emotion-0"
  css="unknown styles"
  style={
    Object {
      "backgroundColor": "#E8E8FF",
      "color": "#6161FF",
    }
  }
>
  Anarock
   
</div>
`;

exports[`Component: Tag snapshot 2`] = `
<div
  className="__pebble__tag__with__close emotion-0"
  css="unknown styles"
  style={
    Object {
      "backgroundColor": "#DBF3E7",
      "color": "#10AC60",
    }
  }
>
  Anarock
   
  <i
    className="pi pi-close emotion-0"
    css="unknown styles"
    onClick={[Function]}
  >
    <e
      background={true}
      className="ink"
      duration={1000}
      opacity={0.25}
      radius={150}
      recenter={true}
    />
  </i>
</div>
`;
