// Jest Snapshot v1, https://goo.gl/fbAQLP

exports[`Checkbox snapshot 1`] = `
.emotion-1 {
  outline: none;
}

.emotion-0 {
  display: -webkit-box;
  display: -webkit-flex;
  display: -ms-flexbox;
  display: flex;
  -webkit-box-pack: center;
  -webkit-justify-content: center;
  -ms-flex-pack: center;
  justify-content: center;
  font-weight: 400;
  color: #101721;
  font-size: 14px;
  cursor: pointer;
  padding: 10px 0;
}

.emotion-0 i {
  margin-right: 10px;
  font-size: 16px;
}

.emotion-0[data-disabled='true'] {
  cursor: not-allowed;
  pointer-events: none;
}

.emotion-0[data-disabled='true'] i {
  color: #E0E0E0;
}

<div
  aria-checked={true}
  className="emotion-1"
  onClick={[Function]}
  role="checkbox"
  tabIndex={0}
>
  <div
    className="emotion-0"
  >
    <i
      className="icon-checkbox-selected"
      style={
        Object {
          "color": "#6161FF",
          "paddingTop": 2,
        }
      }
    />
     
    I am a checkbox
  </div>
</div>
`;
